  OpenClaw.Shared -> [repo]\src\OpenClaw.Shared\bin\Debug\net10.0\OpenClaw.Shared.dll
  OpenClaw.TestSupport -> [repo]\tests\OpenClaw.TestSupport\bin\Debug\net10.0\OpenClaw.TestSupport.dll
  OpenClaw.Shared.TestHost -> [repo]\tests\OpenClaw.Shared.TestHost\bin\Debug\net10.0\OpenClaw.Shared.TestHost.dll
  OpenClaw.Cli -> [repo]\src\OpenClaw.Cli\bin\Debug\net10.0\OpenClaw.Cli.dll
  OpenClaw.Shared.Tests -> [repo]\tests\OpenClaw.Shared.Tests\bin\Debug\net10.0\OpenClaw.Shared.Tests.dll
Test run for [repo]\tests\OpenClaw.Shared.Tests\bin\Debug\net10.0\OpenClaw.Shared.Tests.dll (.NETCoreApp,Version=v10.0)
A total of 1 test files matched the specified pattern.
[xUnit.net 00:00:03.46]     OpenClaw.Shared.Tests.DeviceIdentityIntegrationTests.TryClearDeviceToken_LeavesNoTempFileBehind [SKIP]
[xUnit.net 00:00:03.47]     OpenClaw.Shared.Tests.DeviceIdentityIntegrationTests.StoreDeviceTokenWithScopes_PersistsScopesAcrossReload [SKIP]
[xUnit.net 00:00:03.47]     OpenClaw.Shared.Tests.DeviceIdentityIntegrationTests.Initialize_GeneratesNewKeypair [SKIP]
[xUnit.net 00:00:03.47]     OpenClaw.Shared.Tests.DeviceIdentityIntegrationTests.SignPayload_ProducesDeterministicSignature [SKIP]
  Skipped OpenClaw.Shared.Tests.DeviceIdentityIntegrationTests.TryClearDeviceToken_LeavesNoTempFileBehind [1 ms]
  Skipped OpenClaw.Shared.Tests.DeviceIdentityIntegrationTests.StoreDeviceTokenWithScopes_PersistsScopesAcrossReload [1 ms]
  Skipped OpenClaw.Shared.Tests.DeviceIdentityIntegrationTests.Initialize_GeneratesNewKeypair [1 ms]
  Skipped OpenClaw.Shared.Tests.DeviceIdentityIntegrationTests.SignPayload_ProducesDeterministicSignature [1 ms]
[xUnit.net 00:00:03.51]     OpenClaw.Shared.Tests.DeviceIdentityIntegrationTests.TryClearDeviceToken_PreservesNonTokenFields_AfterAtomicWrite [SKIP]
[xUnit.net 00:00:03.51]     OpenClaw.Shared.Tests.DeviceIdentityIntegrationTests.Initialize_LoadsExistingKeypair [SKIP]
[xUnit.net 00:00:03.51]     OpenClaw.Shared.Tests.DeviceIdentityIntegrationTests.BuildConnectPayloadV2_HasCorrectFormat [SKIP]
[xUnit.net 00:00:03.52]     OpenClaw.Shared.Tests.DeviceIdentityIntegrationTests.DifferentDirs_ProduceDifferentIdentities [SKIP]
[xUnit.net 00:00:03.52]     OpenClaw.Shared.Tests.DeviceIdentityIntegrationTests.SignPayload_DiffersForDifferentNonces [SKIP]
[xUnit.net 00:00:03.52]     OpenClaw.Shared.Tests.DeviceIdentityIntegrationTests.SignPayload_ThrowsBeforeInitialize [SKIP]
[xUnit.net 00:00:03.52]     OpenClaw.Shared.Tests.DeviceIdentityIntegrationTests.StoreDeviceToken_PersistsAcrossReload [SKIP]
[xUnit.net 00:00:03.52]     OpenClaw.Shared.Tests.DeviceIdentityIntegrationTests.StoreDeviceToken_LeavesNoTempFileBehind [SKIP]
  Skipped OpenClaw.Shared.Tests.DeviceIdentityIntegrationTests.TryClearDeviceToken_PreservesNonTokenFields_AfterAtomicWrite [1 ms]
  Skipped OpenClaw.Shared.Tests.DeviceIdentityIntegrationTests.Initialize_LoadsExistingKeypair [1 ms]
  Skipped OpenClaw.Shared.Tests.DeviceIdentityIntegrationTests.BuildConnectPayloadV2_HasCorrectFormat [1 ms]
  Skipped OpenClaw.Shared.Tests.DeviceIdentityIntegrationTests.DifferentDirs_ProduceDifferentIdentities [1 ms]
  Skipped OpenClaw.Shared.Tests.DeviceIdentityIntegrationTests.SignPayload_DiffersForDifferentNonces [1 ms]
  Skipped OpenClaw.Shared.Tests.DeviceIdentityIntegrationTests.SignPayload_ThrowsBeforeInitialize [1 ms]
  Skipped OpenClaw.Shared.Tests.DeviceIdentityIntegrationTests.StoreDeviceToken_PersistsAcrossReload [1 ms]
  Skipped OpenClaw.Shared.Tests.DeviceIdentityIntegrationTests.StoreDeviceToken_LeavesNoTempFileBehind [1 ms]
[xUnit.net 00:00:03.56]     OpenClaw.Shared.Tests.DeviceIdentityIntegrationTests.PublicKeyBase64Url_IsValidBase64Url [SKIP]
  Skipped OpenClaw.Shared.Tests.DeviceIdentityIntegrationTests.PublicKeyBase64Url_IsValidBase64Url [1 ms]
[xUnit.net 00:00:03.56]     OpenClaw.Shared.Tests.DeviceIdentityIntegrationTests.BuildDebugPayload_HasCorrectFormat [SKIP]
[xUnit.net 00:00:03.56]     OpenClaw.Shared.Tests.DeviceIdentityIntegrationTests.StoreDeviceTokenForRole_Node_PreservesOperatorToken [SKIP]
[xUnit.net 00:00:03.56]     OpenClaw.Shared.Tests.DeviceIdentityIntegrationTests.BuildConnectPayloadV3_HasCorrectFormat [SKIP]
  Skipped OpenClaw.Shared.Tests.DeviceIdentityIntegrationTests.BuildDebugPayload_HasCorrectFormat [1 ms]
  Skipped OpenClaw.Shared.Tests.DeviceIdentityIntegrationTests.StoreDeviceTokenForRole_Node_PreservesOperatorToken [1 ms]
  Skipped OpenClaw.Shared.Tests.DeviceIdentityIntegrationTests.BuildConnectPayloadV3_HasCorrectFormat [1 ms]
[xUnit.net 00:00:07.11]     OpenClaw.Shared.Tests.Mxc.MxcCommandRunnerIntegrationTests.SystemRun_FilesystemAccessMatrix_EnforcesReadwriteAndReadonlyPaths [SKIP]
[xUnit.net 00:00:07.11]     OpenClaw.Shared.Tests.Mxc.MxcCommandRunnerIntegrationTests.SystemRun_CustomEnv_DeniesBeforeMxcUnavailableHostFallback [SKIP]
  Skipped OpenClaw.Shared.Tests.Mxc.MxcCommandRunnerIntegrationTests.SystemRun_FilesystemAccessMatrix_EnforcesReadwriteAndReadonlyPaths [1 ms]
  Skipped OpenClaw.Shared.Tests.Mxc.MxcCommandRunnerIntegrationTests.SystemRun_CustomEnv_DeniesBeforeMxcUnavailableHostFallback [1 ms]
[xUnit.net 00:00:07.11]     OpenClaw.Shared.Tests.Mxc.MxcCommandRunnerIntegrationTests.SystemRun_DefaultShell_ExecutesInsideAppContainer [SKIP]
[xUnit.net 00:00:07.12]     OpenClaw.Shared.Tests.Mxc.MxcCommandRunnerIntegrationTests.SystemRun_EchoCmd_ExecutesInsideAppContainer [SKIP]
[xUnit.net 00:00:07.12]     OpenClaw.Shared.Tests.Mxc.MxcCommandRunnerIntegrationTests.SystemRun_CmdDir_ReadsGrantedCustomFolder [SKIP]
[xUnit.net 00:00:07.12]     OpenClaw.Shared.Tests.Mxc.MxcCommandRunnerIntegrationTests.SystemRun_PipelineSmokeTest_WithDenyPaths_ReturnsResult [SKIP]
[xUnit.net 00:00:07.12]     OpenClaw.Shared.Tests.Mxc.MxcCommandRunnerIntegrationTests.SystemRun_DirectArgvWithWindowsUiAccess_ExecutesInsideAppContainer [SKIP]
  Skipped OpenClaw.Shared.Tests.Mxc.MxcCommandRunnerIntegrationTests.SystemRun_DefaultShell_ExecutesInsideAppContainer [1 ms]
  Skipped OpenClaw.Shared.Tests.Mxc.MxcCommandRunnerIntegrationTests.SystemRun_EchoCmd_ExecutesInsideAppContainer [1 ms]
  Skipped OpenClaw.Shared.Tests.Mxc.MxcCommandRunnerIntegrationTests.SystemRun_CmdDir_ReadsGrantedCustomFolder [1 ms]
  Skipped OpenClaw.Shared.Tests.Mxc.MxcCommandRunnerIntegrationTests.SystemRun_PipelineSmokeTest_WithDenyPaths_ReturnsResult [1 ms]
  Skipped OpenClaw.Shared.Tests.Mxc.MxcCommandRunnerIntegrationTests.SystemRun_DirectArgvWithWindowsUiAccess_ExecutesInsideAppContainer [1 ms]
[xUnit.net 00:00:07.16]     OpenClaw.Shared.Tests.LocalCommandRunnerIntegrationTests.Run_WithEnvVars [SKIP]
[xUnit.net 00:00:07.16]     OpenClaw.Shared.Tests.LocalCommandRunnerIntegrationTests.Run_CompletesPromptly_WhenOrphanChildProcessHoldsStdoutHandle [SKIP]
[xUnit.net 00:00:07.16]     OpenClaw.Shared.Tests.LocalCommandRunnerIntegrationTests.Run_EchoCommand_Powershell [SKIP]
[xUnit.net 00:00:07.16]     OpenClaw.Shared.Tests.LocalCommandRunnerIntegrationTests.Run_Timeout_KillsProcess [SKIP]
[xUnit.net 00:00:07.16]     OpenClaw.Shared.Tests.LocalCommandRunnerIntegrationTests.Run_CapturesStderr [SKIP]
[xUnit.net 00:00:07.16]     OpenClaw.Shared.Tests.LocalCommandRunnerIntegrationTests.Run_EchoCommand_Cmd [SKIP]
[xUnit.net 00:00:07.16]     OpenClaw.Shared.Tests.LocalCommandRunnerIntegrationTests.Run_InvalidCommand_ReturnsError [SKIP]
[xUnit.net 00:00:07.16]     OpenClaw.Shared.Tests.LocalCommandRunnerIntegrationTests.Run_NonZeroExitCode [SKIP]
[xUnit.net 00:00:07.16]     OpenClaw.Shared.Tests.LocalCommandRunnerIntegrationTests.Run_WithCwd [SKIP]
  Skipped OpenClaw.Shared.Tests.LocalCommandRunnerIntegrationTests.Run_WithEnvVars [1 ms]
  Skipped OpenClaw.Shared.Tests.LocalCommandRunnerIntegrationTests.Run_CompletesPromptly_WhenOrphanChildProcessHoldsStdoutHandle [1 ms]
  Skipped OpenClaw.Shared.Tests.LocalCommandRunnerIntegrationTests.Run_EchoCommand_Powershell [1 ms]
  Skipped OpenClaw.Shared.Tests.LocalCommandRunnerIntegrationTests.Run_Timeout_KillsProcess [1 ms]
  Skipped OpenClaw.Shared.Tests.LocalCommandRunnerIntegrationTests.Run_CapturesStderr [1 ms]
  Skipped OpenClaw.Shared.Tests.LocalCommandRunnerIntegrationTests.Run_EchoCommand_Cmd [1 ms]
  Skipped OpenClaw.Shared.Tests.LocalCommandRunnerIntegrationTests.Run_InvalidCommand_ReturnsError [1 ms]
  Skipped OpenClaw.Shared.Tests.LocalCommandRunnerIntegrationTests.Run_NonZeroExitCode [1 ms]
  Skipped OpenClaw.Shared.Tests.LocalCommandRunnerIntegrationTests.Run_WithCwd [1 ms]
Results File: [session-artifacts]\local-results\shared-full.trx

Passed!  - Failed:     0, Passed:  4188, Skipped:    32, Total:  4220, Duration: 1 m - OpenClaw.Shared.Tests.dll (net10.0)
